Analysis & Synthesis report for Reservation_Station
Sun Dec 03 04:58:31 2023
Quartus Prime Version 20.1.1 Build 720 11/11/2020 SJ Lite Edition


---------------------
; Table of Contents ;
---------------------
  1. Legal Notice
  2. Analysis & Synthesis Summary
  3. Analysis & Synthesis Settings
  4. Parallel Compilation
  5. Port Connectivity Checks: "OPR1:add_instance"
  6. Analysis & Synthesis Messages



----------------
; Legal Notice ;
----------------
Copyright (C) 2020  Intel Corporation. All rights reserved.
Your use of Intel Corporation's design tools, logic functions 
and other software and tools, and any partner logic 
functions, and any output files from any of the foregoing 
(including device programming or simulation files), and any 
associated documentation or information are expressly subject 
to the terms and conditions of the Intel Program License 
Subscription Agreement, the Intel Quartus Prime License Agreement,
the Intel FPGA IP License Agreement, or other applicable license
agreement, including, without limitation, that your use is for
the sole purpose of programming logic devices manufactured by
Intel and sold by Intel or its authorized distributors.  Please
refer to the applicable agreement for further details, at
https://fpgasoftware.intel.com/eula.



+----------------------------------------------------------------------------------+
; Analysis & Synthesis Summary                                                     ;
+------------------------------------+---------------------------------------------+
; Analysis & Synthesis Status        ; Failed - Sun Dec 03 04:58:31 2023           ;
; Quartus Prime Version              ; 20.1.1 Build 720 11/11/2020 SJ Lite Edition ;
; Revision Name                      ; Reservation_Station                         ;
; Top-level Entity Name              ; DUT                                         ;
; Family                             ; MAX 10                                      ;
; Total logic elements               ; N/A until Partition Merge                   ;
;     Total combinational functions  ; N/A until Partition Merge                   ;
;     Dedicated logic registers      ; N/A until Partition Merge                   ;
; Total registers                    ; N/A until Partition Merge                   ;
; Total pins                         ; N/A until Partition Merge                   ;
; Total virtual pins                 ; N/A until Partition Merge                   ;
; Total memory bits                  ; N/A until Partition Merge                   ;
; Embedded Multiplier 9-bit elements ; N/A until Partition Merge                   ;
; Total PLLs                         ; N/A until Partition Merge                   ;
; UFM blocks                         ; N/A until Partition Merge                   ;
; ADC blocks                         ; N/A until Partition Merge                   ;
+------------------------------------+---------------------------------------------+


+-------------------------------------------------------------------------------------------------------------+
; Analysis & Synthesis Settings                                                                               ;
+------------------------------------------------------------------+--------------------+---------------------+
; Option                                                           ; Setting            ; Default Value       ;
+------------------------------------------------------------------+--------------------+---------------------+
; Device                                                           ; 10M08DAF484C8G     ;                     ;
; Top-level entity name                                            ; DUT                ; Reservation_Station ;
; Family name                                                      ; MAX 10             ; Cyclone V           ;
; Use smart compilation                                            ; Off                ; Off                 ;
; Enable parallel Assembler and Timing Analyzer during compilation ; On                 ; On                  ;
; Enable compact report table                                      ; Off                ; Off                 ;
; Restructure Multiplexers                                         ; Auto               ; Auto                ;
; Create Debugging Nodes for IP Cores                              ; Off                ; Off                 ;
; Preserve fewer node names                                        ; On                 ; On                  ;
; Intel FPGA IP Evaluation Mode                                    ; Enable             ; Enable              ;
; Verilog Version                                                  ; Verilog_2001       ; Verilog_2001        ;
; VHDL Version                                                     ; VHDL_1993          ; VHDL_1993           ;
; State Machine Processing                                         ; Auto               ; Auto                ;
; Safe State Machine                                               ; Off                ; Off                 ;
; Extract Verilog State Machines                                   ; On                 ; On                  ;
; Extract VHDL State Machines                                      ; On                 ; On                  ;
; Ignore Verilog initial constructs                                ; Off                ; Off                 ;
; Iteration limit for constant Verilog loops                       ; 5000               ; 5000                ;
; Iteration limit for non-constant Verilog loops                   ; 250                ; 250                 ;
; Add Pass-Through Logic to Inferred RAMs                          ; On                 ; On                  ;
; Infer RAMs from Raw Logic                                        ; On                 ; On                  ;
; Parallel Synthesis                                               ; On                 ; On                  ;
; DSP Block Balancing                                              ; Auto               ; Auto                ;
; NOT Gate Push-Back                                               ; On                 ; On                  ;
; Power-Up Don't Care                                              ; On                 ; On                  ;
; Remove Redundant Logic Cells                                     ; Off                ; Off                 ;
; Remove Duplicate Registers                                       ; On                 ; On                  ;
; Ignore CARRY Buffers                                             ; Off                ; Off                 ;
; Ignore CASCADE Buffers                                           ; Off                ; Off                 ;
; Ignore GLOBAL Buffers                                            ; Off                ; Off                 ;
; Ignore ROW GLOBAL Buffers                                        ; Off                ; Off                 ;
; Ignore LCELL Buffers                                             ; Off                ; Off                 ;
; Ignore SOFT Buffers                                              ; On                 ; On                  ;
; Limit AHDL Integers to 32 Bits                                   ; Off                ; Off                 ;
; Optimization Technique                                           ; Balanced           ; Balanced            ;
; Carry Chain Length                                               ; 70                 ; 70                  ;
; Auto Carry Chains                                                ; On                 ; On                  ;
; Auto Open-Drain Pins                                             ; On                 ; On                  ;
; Perform WYSIWYG Primitive Resynthesis                            ; Off                ; Off                 ;
; Auto ROM Replacement                                             ; On                 ; On                  ;
; Auto RAM Replacement                                             ; On                 ; On                  ;
; Auto DSP Block Replacement                                       ; On                 ; On                  ;
; Auto Shift Register Replacement                                  ; Auto               ; Auto                ;
; Allow Shift Register Merging across Hierarchies                  ; Auto               ; Auto                ;
; Auto Clock Enable Replacement                                    ; On                 ; On                  ;
; Strict RAM Replacement                                           ; Off                ; Off                 ;
; Allow Synchronous Control Signals                                ; On                 ; On                  ;
; Force Use of Synchronous Clear Signals                           ; Off                ; Off                 ;
; Auto RAM Block Balancing                                         ; On                 ; On                  ;
; Auto RAM to Logic Cell Conversion                                ; Off                ; Off                 ;
; Auto Resource Sharing                                            ; Off                ; Off                 ;
; Allow Any RAM Size For Recognition                               ; Off                ; Off                 ;
; Allow Any ROM Size For Recognition                               ; Off                ; Off                 ;
; Allow Any Shift Register Size For Recognition                    ; Off                ; Off                 ;
; Use LogicLock Constraints during Resource Balancing              ; On                 ; On                  ;
; Ignore translate_off and synthesis_off directives                ; Off                ; Off                 ;
; Timing-Driven Synthesis                                          ; On                 ; On                  ;
; Report Parameter Settings                                        ; On                 ; On                  ;
; Report Source Assignments                                        ; On                 ; On                  ;
; Report Connectivity Checks                                       ; On                 ; On                  ;
; Ignore Maximum Fan-Out Assignments                               ; Off                ; Off                 ;
; Synchronization Register Chain Length                            ; 2                  ; 2                   ;
; Power Optimization During Synthesis                              ; Normal compilation ; Normal compilation  ;
; HDL message level                                                ; Level2             ; Level2              ;
; Suppress Register Optimization Related Messages                  ; Off                ; Off                 ;
; Number of Removed Registers Reported in Synthesis Report         ; 5000               ; 5000                ;
; Number of Swept Nodes Reported in Synthesis Report               ; 5000               ; 5000                ;
; Number of Inverted Registers Reported in Synthesis Report        ; 100                ; 100                 ;
; Clock MUX Protection                                             ; On                 ; On                  ;
; Auto Gated Clock Conversion                                      ; Off                ; Off                 ;
; Block Design Naming                                              ; Auto               ; Auto                ;
; SDC constraint protection                                        ; Off                ; Off                 ;
; Synthesis Effort                                                 ; Auto               ; Auto                ;
; Shift Register Replacement - Allow Asynchronous Clear Signal     ; On                 ; On                  ;
; Pre-Mapping Resynthesis Optimization                             ; Off                ; Off                 ;
; Analysis & Synthesis Message Level                               ; Medium             ; Medium              ;
; Disable Register Merging Across Hierarchies                      ; Auto               ; Auto                ;
; Resource Aware Inference For Block RAM                           ; On                 ; On                  ;
+------------------------------------------------------------------+--------------------+---------------------+


+------------------------------------------+
; Parallel Compilation                     ;
+----------------------------+-------------+
; Processors                 ; Number      ;
+----------------------------+-------------+
; Number detected on machine ; 16          ;
; Maximum allowed            ; 16          ;
;                            ;             ;
; Average used               ; 1.00        ;
; Maximum used               ; 1           ;
;                            ;             ;
; Usage by Processor         ; % Time Used ;
;     Processor 1            ; 100.0%      ;
+----------------------------+-------------+


+---------------------------------------------------------------------------------------------------------------------------------------------------------------------------------------+
; Port Connectivity Checks: "OPR1:add_instance"                                                                                                                                         ;
+-----------+---------+------------------+----------------------------------------------------------------------------------------------------------------------------------------------+
; Port      ; Type    ; Severity         ; Details                                                                                                                                      ;
+-----------+---------+------------------+----------------------------------------------------------------------------------------------------------------------------------------------+
; w_enable  ; Unknown ; Critical Warning ; Named port was not declared by the instantiated entity                                                                                       ;
; w_enable1 ; Input   ; Warning          ; Declared by entity but not connected by instance. If a default value exists, it will be used.  Otherwise, the port will be connected to GND. ;
; w_enable2 ; Input   ; Warning          ; Declared by entity but not connected by instance. If a default value exists, it will be used.  Otherwise, the port will be connected to GND. ;
; vt_1      ; Input   ; Warning          ; Declared by entity but not connected by instance. If a default value exists, it will be used.  Otherwise, the port will be connected to GND. ;
; vt_2      ; Input   ; Warning          ; Declared by entity but not connected by instance. If a default value exists, it will be used.  Otherwise, the port will be connected to GND. ;
; vt_3      ; Input   ; Warning          ; Declared by entity but not connected by instance. If a default value exists, it will be used.  Otherwise, the port will be connected to GND. ;
+-----------+---------+------------------+----------------------------------------------------------------------------------------------------------------------------------------------+


+-------------------------------+
; Analysis & Synthesis Messages ;
+-------------------------------+
Info: *******************************************************************
Info: Running Quartus Prime Analysis & Synthesis
    Info: Version 20.1.1 Build 720 11/11/2020 SJ Lite Edition
    Info: Processing started: Sun Dec 03 04:58:24 2023
Info: Command: quartus_map --read_settings_files=on --write_settings_files=off Reservation_Station -c Reservation_Station
Warning (18236): Number of processors has not been specified which may cause overloading on shared machines.  Set the global assignment NUM_PARALLEL_PROCESSORS in your QSF to an appropriate value for best performance.
Info (20030): Parallel compilation is enabled and will use 16 of the 16 processors detected
Info (12021): Found 27 design units, including 13 entities, in source file rs_regs.vhdl
    Info (12022): Found design unit 1: RS_gates File: C:/Users/ksath/Documents/EE739-Superscalar/Superscalar/Reservation_Station/RS_regs.vhdl Line: 23
    Info (12022): Found design unit 2: BIT1_REG-behav File: C:/Users/ksath/Documents/EE739-Superscalar/Superscalar/Reservation_Station/RS_regs.vhdl Line: 233
    Info (12022): Found design unit 3: ISSUED-behav File: C:/Users/ksath/Documents/EE739-Superscalar/Superscalar/Reservation_Station/RS_regs.vhdl Line: 272
    Info (12022): Found design unit 4: OPCODE-behav File: C:/Users/ksath/Documents/EE739-Superscalar/Superscalar/Reservation_Station/RS_regs.vhdl Line: 317
    Info (12022): Found design unit 5: PC-behav File: C:/Users/ksath/Documents/EE739-Superscalar/Superscalar/Reservation_Station/RS_regs.vhdl Line: 361
    Info (12022): Found design unit 6: OPR1-behav File: C:/Users/ksath/Documents/EE739-Superscalar/Superscalar/Reservation_Station/RS_regs.vhdl Line: 422
    Info (12022): Found design unit 7: V1-behav File: C:/Users/ksath/Documents/EE739-Superscalar/Superscalar/Reservation_Station/RS_regs.vhdl Line: 477
    Info (12022): Found design unit 8: OPR2-behav File: C:/Users/ksath/Documents/EE739-Superscalar/Superscalar/Reservation_Station/RS_regs.vhdl Line: 526
    Info (12022): Found design unit 9: V2-behav File: C:/Users/ksath/Documents/EE739-Superscalar/Superscalar/Reservation_Station/RS_regs.vhdl Line: 579
    Info (12022): Found design unit 10: IMM9-behav File: C:/Users/ksath/Documents/EE739-Superscalar/Superscalar/Reservation_Station/RS_regs.vhdl Line: 608
    Info (12022): Found design unit 11: CZ-behav File: C:/Users/ksath/Documents/EE739-Superscalar/Superscalar/Reservation_Station/RS_regs.vhdl Line: 664
    Info (12022): Found design unit 12: VCZ-behav File: C:/Users/ksath/Documents/EE739-Superscalar/Superscalar/Reservation_Station/RS_regs.vhdl Line: 715
    Info (12022): Found design unit 13: COND-behav File: C:/Users/ksath/Documents/EE739-Superscalar/Superscalar/Reservation_Station/RS_regs.vhdl Line: 744
    Info (12022): Found design unit 14: READY-behav File: C:/Users/ksath/Documents/EE739-Superscalar/Superscalar/Reservation_Station/RS_regs.vhdl Line: 783
    Info (12023): Found entity 1: BIT1_REG File: C:/Users/ksath/Documents/EE739-Superscalar/Superscalar/Reservation_Station/RS_regs.vhdl Line: 224
    Info (12023): Found entity 2: ISSUED File: C:/Users/ksath/Documents/EE739-Superscalar/Superscalar/Reservation_Station/RS_regs.vhdl Line: 261
    Info (12023): Found entity 3: OPCODE File: C:/Users/ksath/Documents/EE739-Superscalar/Superscalar/Reservation_Station/RS_regs.vhdl Line: 305
    Info (12023): Found entity 4: PC File: C:/Users/ksath/Documents/EE739-Superscalar/Superscalar/Reservation_Station/RS_regs.vhdl Line: 349
    Info (12023): Found entity 5: OPR1 File: C:/Users/ksath/Documents/EE739-Superscalar/Superscalar/Reservation_Station/RS_regs.vhdl Line: 391
    Info (12023): Found entity 6: V1 File: C:/Users/ksath/Documents/EE739-Superscalar/Superscalar/Reservation_Station/RS_regs.vhdl Line: 468
    Info (12023): Found entity 7: OPR2 File: C:/Users/ksath/Documents/EE739-Superscalar/Superscalar/Reservation_Station/RS_regs.vhdl Line: 495
    Info (12023): Found entity 8: V2 File: C:/Users/ksath/Documents/EE739-Superscalar/Superscalar/Reservation_Station/RS_regs.vhdl Line: 570
    Info (12023): Found entity 9: IMM9 File: C:/Users/ksath/Documents/EE739-Superscalar/Superscalar/Reservation_Station/RS_regs.vhdl Line: 597
    Info (12023): Found entity 10: CZ File: C:/Users/ksath/Documents/EE739-Superscalar/Superscalar/Reservation_Station/RS_regs.vhdl Line: 636
    Info (12023): Found entity 11: VCZ File: C:/Users/ksath/Documents/EE739-Superscalar/Superscalar/Reservation_Station/RS_regs.vhdl Line: 706
    Info (12023): Found entity 12: COND File: C:/Users/ksath/Documents/EE739-Superscalar/Superscalar/Reservation_Station/RS_regs.vhdl Line: 732
    Info (12023): Found entity 13: READY File: C:/Users/ksath/Documents/EE739-Superscalar/Superscalar/Reservation_Station/RS_regs.vhdl Line: 774
Info (12021): Found 2 design units, including 1 entities, in source file dut.vhdl
    Info (12022): Found design unit 1: DUT-DutWrap File: C:/Users/ksath/Documents/EE739-Superscalar/Superscalar/Reservation_Station/DUT.vhdl Line: 12
    Info (12023): Found entity 1: DUT File: C:/Users/ksath/Documents/EE739-Superscalar/Superscalar/Reservation_Station/DUT.vhdl Line: 7
Info (12021): Found 2 design units, including 1 entities, in source file testbench.vhdl
    Info (12022): Found design unit 1: Testbench-Behave File: C:/Users/ksath/Documents/EE739-Superscalar/Superscalar/Reservation_Station/Testbench.vhdl Line: 9
    Info (12023): Found entity 1: Testbench File: C:/Users/ksath/Documents/EE739-Superscalar/Superscalar/Reservation_Station/Testbench.vhdl Line: 7
Info (12127): Elaborating entity "DUT" for the top level hierarchy
Info (12128): Elaborating entity "OPR1" for hierarchy "OPR1:add_instance" File: C:/Users/ksath/Documents/EE739-Superscalar/Superscalar/Reservation_Station/DUT.vhdl Line: 38
Error (12002): Port "w_enable" does not exist in macrofunction "add_instance" File: C:/Users/ksath/Documents/EE739-Superscalar/Superscalar/Reservation_Station/DUT.vhdl Line: 38
Warning (12241): 1 hierarchies have connectivity warnings - see the Connectivity Checks report folder
Error: Quartus Prime Analysis & Synthesis was unsuccessful. 1 error, 2 warnings
    Error: Peak virtual memory: 4799 megabytes
    Error: Processing ended: Sun Dec 03 04:58:31 2023
    Error: Elapsed time: 00:00:07
    Error: Total CPU time (on all processors): 00:00:17


